============================================================
 Building: My Game - DirectX 11
============================================================

Microsoft (R) C/C++ Optimizing Compiler Version 19.40.33811 for x64
Copyright (C) Microsoft Corporation.  All rights reserved.

main.cpp
src\main.cpp(10): warning C4005: '_CRT_SECURE_NO_WARNINGS': macro redefinition
src\main.cpp(10): note: '_CRT_SECURE_NO_WARNINGS' previously declared on the command line
GameApp.cpp
GameTimer.cpp
Clock.cpp
TimeSystem.cpp
Terminate batch job (Y/N)? Terminate batch job (Y/N)? Terminate batch job (Y/N)? Terminate batch job (Y/N)? Terminate batch job (Y/N)? Terminate batch job (Y/N)? Terminate batch job (Y/N)? Terminate batch job (Y/N)? Terminate batch job (Y/N)? Terminate batch job (Y/N)? Terminate batch job (Y/N)? Terminate batch job (Y/N)? Terminate batch job (Y/N)? Terminate batch job (Y/N)? Terminate batch job (Y/N)? Terminate batch job (Y/N)? Terminate batch job (Y/N)? Terminate batch job (Y/N)? Terminate batch job (Y/N)? Terminate batch job (Y/N)? Terminate batch job (Y/N)? Terminate batch job (Y/N)? Terminate batch job (Y/N)? Terminate batch job (Y/N)? Terminate batch job (Y/N)? Terminate batch job (Y/N)? Terminate batch job (Y/N)? Terminate batch job (Y/N)? Terminate batch job (Y/N)? Terminate batch job (Y/N)? Terminate batch job (Y/N)? Terminate batch job (Y/N)? Terminate batch job (Y/N)? Terminate batch job (Y/N)? Terminate batch job (Y/N)? Terminate batch job (Y/N)? Terminate batch job (Y/N)? Terminate batch job (Y/N)? Terminate batch job (Y/N)? 
^C
[ERROR] Build failed. See errors above.
